// Jest Snapshot v1, https://goo.gl/fbAQLP

exports[`renders correctly 1`] = `
<section>
  <div>
    Sign Up
    <input
      name="email"
      placeholder="Email"
      type="text"
    />
    <input
      name="password"
      placeholder="Password"
      type="text"
    />
    <p>
      Forgot your password?
    </p>
    <div>
      Log in button
    </div>
    <input
      name="Remember me"
      type="checkbox"
    />
    <p>
      New to Pitchme? Sign up here!
    </p>
  </div>
</section>
`;
